\BOOKMARK [1][-]{section.1}{\376\377\000S\000c\000o\000p\000e\000\040\000a\000n\000d\000\040\000d\000e\000s\000i\000g\000n\000\040\000c\000o\000n\000s\000t\000r\000a\000i\000n\000t\000s}{}% 1
\BOOKMARK [1][-]{section.2}{\376\377\000T\000h\000e\000\040\000c\000o\000r\000e\000\040\000l\000a\000n\000g\000u\000a\000g\000e}{}% 2
\BOOKMARK [2][-]{subsection.2.1}{\376\377\000S\000y\000n\000t\000a\000x}{section.2}% 3
\BOOKMARK [2][-]{subsection.2.2}{\376\377\000U\000n\000i\000v\000e\000r\000s\000e\000s\000\040\000a\000n\000d\000\040\000t\000y\000p\000i\000n\000g\000\040\000r\000u\000l\000e\000s}{section.2}% 4
\BOOKMARK [1][-]{section.3}{\376\377\000S\000u\000b\000s\000t\000i\000t\000u\000t\000i\000o\000n\000\040\000a\000n\000d\000\040\000r\000e\000d\000u\000c\000t\000i\000o\000n}{}% 5
\BOOKMARK [1][-]{section.4}{\376\377\000N\000o\000r\000m\000a\000l\000i\000z\000a\000t\000i\000o\000n\000\040\000b\000y\000\040\000e\000v\000a\000l\000u\000a\000t\000i\000o\000n}{}% 6
\BOOKMARK [2][-]{subsection.4.1}{\376\377\000S\000e\000m\000a\000n\000t\000i\000c\000\040\000v\000a\000l\000u\000e\000s}{section.4}% 7
\BOOKMARK [2][-]{subsection.4.2}{\376\377\000R\000e\000f\000l\000e\000c\000t\000i\000o\000n\000\040\000a\000n\000d\000\040\000r\000e\000i\000f\000i\000c\000a\000t\000i\000o\000n}{section.4}% 8
\BOOKMARK [1][-]{section.5}{\376\377\000S\000t\000a\000g\000e\000d\000\040\000s\000e\000l\000f\000-\000a\000p\000p\000l\000i\000c\000a\000t\000i\000o\000n}{}% 9
\BOOKMARK [1][-]{section.6}{\376\377\000E\000i\000g\000h\000t\000\040\000u\000s\000e\000s}{}% 10
\BOOKMARK [2][-]{subsection.6.1}{\376\377\000F\000o\000u\000r\000\040\000s\000i\000m\000p\000l\000e\000\040\000u\000s\000e\000s}{section.6}% 11
\BOOKMARK [2][-]{subsection.6.2}{\376\377\000F\000o\000u\000r\000\040\000c\000o\000m\000p\000l\000e\000x\000\040\000u\000s\000e\000s}{section.6}% 12
\BOOKMARK [1][-]{section.7}{\376\377\000C\000o\000r\000r\000e\000s\000p\000o\000n\000d\000e\000n\000c\000e\000\040\000w\000i\000t\000h\000\040\000t\000h\000e\000\040\000C\000+\000+\0002\0003\000\040\000c\000o\000r\000e}{}% 13
\BOOKMARK [1][-]{section.8}{\376\377\000L\000i\000m\000i\000t\000a\000t\000i\000o\000n\000s\000\040\000a\000n\000d\000\040\000e\000x\000t\000e\000n\000s\000i\000o\000n\000s}{}% 14
\BOOKMARK [1][-]{section.9}{\376\377\000I\000m\000p\000l\000e\000m\000e\000n\000t\000a\000t\000i\000o\000n\000\040\000s\000k\000e\000t\000c\000h}{}% 15
\BOOKMARK [1][-]{section.10}{\376\377\000B\000i\000d\000i\000r\000e\000c\000t\000i\000o\000n\000a\000l\000\040\000c\000h\000e\000c\000k\000i\000n\000g}{}% 16
\BOOKMARK [1][-]{section.11}{\376\377\000C\000o\000r\000r\000e\000c\000t\000e\000d\000\040\000s\000t\000a\000g\000i\000n\000g\000\040\000i\000n\000t\000e\000r\000f\000a\000c\000e}{}% 17
\BOOKMARK [1][-]{section.12}{\376\377\000A\000d\000d\000i\000t\000i\000o\000n\000a\000l\000\040\000m\000e\000t\000a\000t\000h\000e\000o\000r\000e\000t\000i\000c\000\040\000l\000e\000m\000m\000a\000s}{}% 18
\BOOKMARK [1][-]{section.13}{\376\377\000N\000o\000r\000m\000a\000l\000i\000z\000a\000t\000i\000o\000n\000\040\000a\000l\000g\000o\000r\000i\000t\000h\000m\000\040\000a\000n\000d\000\040\000c\000o\000m\000p\000l\000e\000x\000i\000t\000y}{}% 19
\BOOKMARK [1][-]{section.14}{\376\377\000T\000e\000s\000t\000i\000n\000g\000\040\000s\000t\000r\000a\000t\000e\000g\000y}{}% 20
\BOOKMARK [1][-]{section.15}{\376\377\000I\000m\000p\000l\000e\000m\000e\000n\000t\000e\000d\000\040\000C\000+\000+\0002\0003\000\040\000p\000r\000o\000t\000o\000t\000y\000p\000e}{}% 21
\BOOKMARK [2][-]{subsection.15.1}{\376\377\000V\000e\000r\000i\000f\000i\000c\000a\000t\000i\000o\000n\000\040\000r\000e\000s\000u\000l\000t\000s}{section.15}% 22
\BOOKMARK [1][-]{section.16}{\376\377\000C\000o\000n\000c\000l\000u\000s\000i\000o\000n}{}% 23
